// Jest Snapshot v1, https://goo.gl/fbAQLP

exports[`ContentImage renders 1`] = `
<img
  alt="The spire of the Crysler building in the background, the tops of various skyscrapers in front of it."
  className={
    Classes {
      "_groups": Object {},
      "_initial": Array [
        "ContentImage",
      ],
      "_switches": Object {},
    }
  }
  data-src_128="https://s3.amazonaws.com/marquee-test-akiaisur2rgicbmpehea/saO09kR7TO6Fdkmpdo60_DSC_6110.jpg"
  data-src_1280="https://s3.amazonaws.com/marquee-test-akiaisur2rgicbmpehea/GLYe0WxSlem5uDSNxJ4M_DSC_6110.jpg"
  data-src_2560="https://s3.amazonaws.com/marquee-test-akiaisur2rgicbmpehea/jKQgkPtRgSiIUoKbdoIc_DSC_6110.jpg"
  data-src_640="https://s3.amazonaws.com/marquee-test-akiaisur2rgicbmpehea/Z4y6OgMSyK0fVGNQNcSn_DSC_6110.jpg"
  sizes="(min-width: 1440px) 1440px,(min-width: 720px) 720px,(min-width: 360px) 360px,100vw"
  src="https://s3.amazonaws.com/marquee-test-akiaisur2rgicbmpehea/Z4y6OgMSyK0fVGNQNcSn_DSC_6110.jpg"
  srcSet="https://s3.amazonaws.com/marquee-test-akiaisur2rgicbmpehea/saO09kR7TO6Fdkmpdo60_DSC_6110.jpg 128w,https://s3.amazonaws.com/marquee-test-akiaisur2rgicbmpehea/Z4y6OgMSyK0fVGNQNcSn_DSC_6110.jpg 640w,https://s3.amazonaws.com/marquee-test-akiaisur2rgicbmpehea/GLYe0WxSlem5uDSNxJ4M_DSC_6110.jpg 1280w,https://s3.amazonaws.com/marquee-test-akiaisur2rgicbmpehea/jKQgkPtRgSiIUoKbdoIc_DSC_6110.jpg 2560w"
/>
`;

exports[`ContentImage renders plain 1`] = `
<img
  src="https://s3.amazonaws.com/marquee-test-akiaisur2rgicbmpehea/Z4y6OgMSyK0fVGNQNcSn_DSC_6110.jpg"
/>
`;
